################################################################################
#                                                                              #
#      IAR Universal Linker V5.7.0.39                                          #
#                                                                              #
#           Link time     =  27/Jan/2014  15:09:31                             #
#           Target CPU    =  x51                                               #
#           List file     =  E:\mgzhou\Study\CC2540\BLE-CC254x-1.4.0\Projects\ #
#                            ble\util\UBL\soc_8051\usb_msd\iar\CC2540-DK\List\ #
#                            UBL.map                                           #
#           Output file 1 =  E:\mgzhou\Study\CC2540\BLE-CC254x-1.4.0\Projects\ #
#                            ble\util\UBL\soc_8051\usb_msd\iar\CC2540-DK\Exe\u #
#                            bl_usb_msd_8051-DK.hex                            #
#                            Format: intel-extended                            #
#           Output file 2 =  E:\mgzhou\Study\CC2540\BLE-CC254x-1.4.0\Projects\ #
#                            ble\util\UBL\soc_8051\usb_msd\iar\CC2540-DK\Exe\U #
#                            BL.d51                                            #
#                            Format: debug                                     #
#                            UBROF version 10.0.6                              #
#                            Using library modules for C-SPY (-rt)             #
#           Command line  =  -a -D_NR_OF_BANKS=0x07 -D_CODEBANK_END=0xFFFF     #
#                            -D_CODEBANK_START=0x8000 -D?CBANK_MASK=0xFF       #
#                            -D?CBANK=0x9F                                     #
#                            "-IC:\Program Files (x86)\IAR Systems\Embedded Wo #
#                            rkbench 6.5\8051\CONFIG\"                         #
#                            E:\mgzhou\Study\CC2540\BLE-CC254x-1.4.0\Projects\ #
#                            ble\util\UBL\soc_8051\usb_msd\iar\CC2540-DK\Obj\h #
#                            al_flash.r51                                      #
#                            E:\mgzhou\Study\CC2540\BLE-CC254x-1.4.0\Projects\ #
#                            ble\util\UBL\soc_8051\usb_msd\iar\CC2540-DK\Obj\u #
#                            bl_exec.r51                                       #
#                            E:\mgzhou\Study\CC2540\BLE-CC254x-1.4.0\Projects\ #
#                            ble\util\UBL\soc_8051\usb_msd\iar\CC2540-DK\Obj\u #
#                            bl_ivec.r51                                       #
#                            E:\mgzhou\Study\CC2540\BLE-CC254x-1.4.0\Projects\ #
#                            ble\util\UBL\soc_8051\usb_msd\iar\CC2540-DK\Obj\u #
#                            bl_main.r51                                       #
#                            E:\mgzhou\Study\CC2540\BLE-CC254x-1.4.0\Projects\ #
#                            ble\util\UBL\soc_8051\usb_msd\iar\CC2540-DK\Obj\u #
#                            sb_descriptor_parser.r51                          #
#                            E:\mgzhou\Study\CC2540\BLE-CC254x-1.4.0\Projects\ #
#                            ble\util\UBL\soc_8051\usb_msd\iar\CC2540-DK\Obj\u #
#                            sb_framework.r51                                  #
#                            E:\mgzhou\Study\CC2540\BLE-CC254x-1.4.0\Projects\ #
#                            ble\util\UBL\soc_8051\usb_msd\iar\CC2540-DK\Obj\u #
#                            sb_interrupt.r51                                  #
#                            E:\mgzhou\Study\CC2540\BLE-CC254x-1.4.0\Projects\ #
#                            ble\util\UBL\soc_8051\usb_msd\hal\usb\class_msd\u #
#                            sb_msd_8051.lib                                   #
#                            E:\mgzhou\Study\CC2540\BLE-CC254x-1.4.0\Projects\ #
#                            ble\util\UBL\soc_8051\usb_msd\iar\CC2540-DK\Obj\u #
#                            sb_standard_requests.r51                          #
#                            E:\mgzhou\Study\CC2540\BLE-CC254x-1.4.0\Projects\ #
#                            ble\util\UBL\soc_8051\usb_msd\iar\CC2540-DK\Obj\u #
#                            sb_suspend.r51                                    #
#                            -o                                                #
#                            E:\mgzhou\Study\CC2540\BLE-CC254x-1.4.0\Projects\ #
#                            ble\util\UBL\soc_8051\usb_msd\iar\CC2540-DK\Exe\U #
#                            BL.d51                                            #
#                            -l                                                #
#                            E:\mgzhou\Study\CC2540\BLE-CC254x-1.4.0\Projects\ #
#                            ble\util\UBL\soc_8051\usb_msd\iar\CC2540-DK\List\ #
#                            UBL.map                                           #
#                            -xmsn                                             #
#                            -IE:\mgzhou\Study\CC2540\BLE-CC254x-1.4.0\Project #
#                            s\ble\util\UBL\soc_8051\usb_msd\iar\              #
#                            -f ubl.xcl (-D_XDATA_BEG=0x0000                   #
#                            -D_XDATA_END=0x1EFF -D_IDATA_END=0xFF             #
#                            -D_IVEC_BEG=0x0000 -D_IVEC_END=0x07FF             #
#                            -D_BANK7_BEG=0x7C000 -D_BANK7_END=0x7E7FF         #
#                            -D?REGISTER_BANK=0 -D_REGISTER_BANK_BEG=0         #
#                            -D?PBANK_NUMBER=00 -D_BREG_BEG=0x00 -D?VB=0x20    #
#                            -Z(BIT)BREG=_BREG_BEG -Z(BIT)BIT_N=0-7F           #
#                            -Z(DATA)REGISTERS+8=_REGISTER_BANK_BEG            #
#                            -Z(DATA)BDATA_Z,BDATA_N,BDATA_I=20-2F             #
#                            -Z(DATA)VREG+_NR_OF_VIRTUAL_REGISTERS=08-7F       #
#                            -Z(DATA)PSP,XSP=08-7F -Z(DATA)DOVERLAY=08-7F      #
#                            -Z(DATA)DATA_I,DATA_Z,DATA_N=08-7F                #
#                            -U(IDATA)0-7F=(DATA)0-7F                          #
#                            -Z(IDATA)IDATA_I,IDATA_Z,IDATA_N=08-_IDATA_END    #
#                            -Z(IDATA)ISTACK+_IDATA_STACK_SIZE#08-_IDATA_END   #
#                            -Z(IDATA)IOVERLAY=08-FF                           #
#                            -Z(CODE)INTVEC=_IVEC_BEG                          #
#                            -Z(CODE)BIT_ID,BDATA_ID,DATA_ID,IDATA_ID,IXDATA_I #
#                            D,PDATA_ID,XDATA_ID=_IVEC_BEG-_IVEC_END           #
#                            -P(CODE)CSTART,RCODE,DIFUNCT,NEAR_CODE=_IVEC_BEG- #
#                            _IVEC_END                                         #
#                            -P(CODE)BANK_RELAYS=_IVEC_BEG-_IVEC_END           #
#                            -P(CODE)CODE_C=_BANK7_BEG-_BANK7_END              #
#                            -P(CONST)XDATA_ROM_C=0xC000-0xE7FF                #
#                            -P(CODE)XDATA_ROM_C_FLASH=_BANK7_BEG-_BANK7_END   #
#                            -QXDATA_ROM_C=XDATA_ROM_C_FLASH                   #
#                            -P(CODE)BANKED_CODE=_IVEC_BEG-_IVEC_END,_BANK7_BE #
#                            G-_BANK7_END                                      #
#                            -Z(XDATA)XSTACK+_XDATA_STACK_SIZE=_XDATA_BEG-_XDA #
#                            TA_END                                            #
#                            -Z(XDATA)XDATA_Z,XDATA_I,PDATA_Z=_XDATA_BEG-_XDAT #
#                            A_END                                             #
#                            -P(XDATA)XDATA_N=_XDATA_BEG-_XDATA_END -cx51      #
#                            -D_FIRST_BANK_ADDR=0x10000                        #
#                            -M(CODE)[(_CODEBANK_START+_FIRST_BANK_ADDR)-(_COD #
#                            EBANK_END+_FIRST_BANK_ADDR)]*_NR_OF_BANKS+_FIRST_ #
#                            BANK_ADDR=0x8000                                  #
#                            -ww69=i -HFFFF) -D_NR_OF_VIRTUAL_REGISTERS=10     #
#                            -D?PBANK=0x93 -e?BCALL_FF=?BCALL                  #
#                            -e?BRET_FF=?BRET -e?BDISPATCH_FF=?BDISPATCH       #
#                            -e_small_write=_formatted_write                   #
#                            -e_medium_read=_formatted_read -we24=i -rt        #
#                            -Ointel-extended=E:\mgzhou\Study\CC2540\BLE-CC254 #
#                            x-1.4.0\Projects\ble\util\UBL\soc_8051\usb_msd\ia #
#                            r\CC2540-DK\Exe\ubl_usb_msd_8051-DK.hex           #
#                            -s __program_start                                #
#                            "C:\Program Files (x86)\IAR Systems\Embedded Work #
#                            bench 6.5\8051\LIB\CLIB\cl-pli-blxd-1e16x01.r51"  #
#                            -D_IDATA_STACK_SIZE=0xb0 -D?ESP=0 -D?ESP_MASK=0   #
#                            -D_EXTENDED_STACK_START=0                         #
#                            -D_EXTENDED_STACK_SIZE=0                          #
#                            -D_PDATA_STACK_SIZE=0x0                           #
#                            -D_XDATA_STACK_SIZE=0x300                         #
#                            -D_XDATA_HEAP_SIZE=0x00 -D_FAR_HEAP_SIZE=0x000    #
#                            -D_HUGE_HEAP_SIZE=0x000                           #
#                            -D_FAR22_HEAP_SIZE=0xFFF                          #
#                                                                              #
#                           Copyright (C) 1987-2013 IAR Systems AB.            #
################################################################################





                ****************************************
                *                                      *
                *           CROSS REFERENCE            *
                *                                      *
                ****************************************

       Program entry at : CODE      00000526  Relocatable, from module : CSTARTUP




                ****************************************
                *                                      *
                *            RUNTIME MODEL             *
                *                                      *
                ****************************************

  __SystemLibrary          = CLib
  __calling_convention     = xdata_reentrant
  __code_model             = banked
  __core                   = plain
  __data_model             = large
  __dptr_size              = 16
  __extended_stack         = disabled
  __location_for_constants = data
  __number_of_dptrs        = 1
  __rt_version             = 1

                ****************************************
                *                                      *
                *    AUTOMATIC SYMBOL REDIRECTIONS     *
                *                                      *
                ****************************************

                  There are no automatic symbol redirections.



                ****************************************
                *                                      *
                *              MODULE MAP              *
                *                                      *
                ****************************************


  DEFINED ABSOLUTE ENTRIES
  PROGRAM MODULE, NAME : ?ABS_ENTRY_MOD

Absolute parts
           ENTRY                   ADDRESS         REF BY
           =====                   =======         ======
           _FAR22_HEAP_SIZE        00000FFF 
           _HUGE_HEAP_SIZE         00000000 
           _FAR_HEAP_SIZE          00000000 
           _XDATA_HEAP_SIZE        00000000 
           _XDATA_STACK_SIZE       00000300 
           _PDATA_STACK_SIZE       00000000 
           _EXTENDED_STACK_SIZE    00000000 
           _EXTENDED_STACK_START   00000000 
           ?ESP_MASK               00000000 
           ?ESP                    00000000 
           _IDATA_STACK_SIZE       000000B0 
           ?PBANK                  00000093 
           _NR_OF_VIRTUAL_REGISTERS
                                   00000010 
           _FIRST_BANK_ADDR        00010000 
           ?VB                     00000020        ?BANKED_ENTER_XDATA (?BANKED_ENTER_XDATA)
                                                   ?BANKED_LEAVE_XDATA (?BANKED_LEAVE_XDATA)
                                                   ?FUNC_ENTER_XDATA (?FUNC_ENTER_XDATA)
                                                   ?FUNC_LEAVE_XDATA (?FUNC_LEAVE_XDATA)
           _BREG_BEG               00000000 
           ?PBANK_NUMBER           00000000 
           _REGISTER_BANK_BEG      00000000 
           ?REGISTER_BANK          00000000        Segment part 6 (CSTARTUP)
           _BANK7_END              0003E7FF 
           _BANK7_BEG              0003C000 
           _IVEC_END               000007FF 
           _IVEC_BEG               00000000 
           _IDATA_END              000000FF 
           _XDATA_END              00001EFF 
           _XDATA_BEG              00000000 
           ?CBANK                  0000009F        ?RESET_CODE_BANK (CSTARTUP)
                                                   Segment part 0 (?BANKED_CODE_SUPPORT)
           ?CBANK_MASK             000000FF 
           _CODEBANK_START         00008000 
           _CODEBANK_END           0000FFFF 
           _NR_OF_BANKS            00000007 
    *************************************************************************

  FILE NAME : E:\mgzhou\Study\CC2540\BLE-CC254x-1.4.0\Projects\ble\util\UBL\soc_8051\usb_msd\iar\CC2540-DK\Obj\hal_flash.r51
  PROGRAM MODULE, NAME : hal_flash

  SEGMENTS IN THE MODULE
  ======================
SFR_AN
  Relative segment, address: DATA 0000008B - 0000008B (0x1 bytes), align: 0
  Segment part 1. ROOT.       Intra module refs:   usbirqHandler
                                                   usbirqInit
           ENTRY                   ADDRESS         REF BY
           =====                   =======         ======
           P2IFG                   0000008B 
    -------------------------------------------------------------------------
SFR_AN
  Relative segment, address: DATA 00000095 - 00000095 (0x1 bytes), align: 0
  Segment part 2. ROOT.       Intra module refs:   ublExec
                                                   ublInit
           ENTRY                   ADDRESS         REF BY
           =====                   =======         ======
           ST0                     00000095 
    -------------------------------------------------------------------------
SFR_AN
  Relative segment, address: DATA 00000096 - 00000096 (0x1 bytes), align: 0
  Segment part 3. ROOT.       Intra module refs:   ublExec
                                                   ublInit
           ENTRY                   ADDRESS         REF BY
           =====                   =======         ======
           ST1                     00000096 
    -------------------------------------------------------------------------
SFR_AN
  Relative segment, address: DATA 00000097 - 00000097 (0x1 bytes), align: 0
  Segment part 4. ROOT.       Intra module refs:   ublExec
                                                   ublInit
           ENTRY                   ADDRESS         REF BY
           =====                   =======         ======
           ST2                     00000097 
    -------------------------------------------------------------------------
SFR_AN
  Relative segment, address: DATA 0000009A - 0000009A (0x1 bytes), align: 0
  Segment part 5. ROOT.       Intra module refs:   __low_level_init
                                                   usb_msd_uninit (usb_firmware_library_config)
           ENTRY                   ADDRESS         REF BY
           =====                   =======         ======
           IEN2                    0000009A 
    -------------------------------------------------------------------------
SFR_AN
  Relative segment, address: DATA 0000009D - 0000009D (0x1 bytes), align: 0
  Segment part 6. ROOT.       Intra module refs:   __low_level_init
                                                   usbirqHandler
           ENTRY                   ADDRESS         REF BY
           =====                   =======         ======
           SLEEPSTA                0000009D 
    -------------------------------------------------------------------------
SFR_AN
  Relative segment, address: DATA 000000A8 - 000000A8 (0x1 bytes), align: 0
  Segment part 7. ROOT.       Intra module refs:   HalFlashRead
                                                   __low_level_init
                                                   fakeOpExec (usb_firmware_library_config)
                                                   main
                                                   rxOutEP (usb_firmware_library_config)
                                                   ublCfg
                                                   ublJump
           ENTRY                   ADDRESS         REF BY
           =====                   =======         ======
           _A_IEN0                 000000A8 
           LOCAL                   ADDRESS         
           =====                   =======         
           IEN0                    000000A8 
    -------------------------------------------------------------------------
SFR_AN
  Relative segment, address: DATA 000000B4 - 000000B4 (0x1 bytes), align: 0
  Segment part 8. ROOT.       Intra module refs:   __low_level_init
                                                   ublInit
           ENTRY                   ADDRESS         REF BY
           =====                   =======         ======
           ADCCON1                 000000B4 
    -------------------------------------------------------------------------
SFR_AN
  Relative segment, address: DATA 000000B6 - 000000B6 (0x1 bytes), align: 0
  Segment part 9. ROOT.       Intra module refs:   __low_level_init
                                                   ublInit
           ENTRY                   ADDRESS         REF BY
           =====                   =======         ======
           ADCCON3                 000000B6 
    -------------------------------------------------------------------------
SFR_AN
  Relative segment, address: DATA 000000B8 - 000000B8 (0x1 bytes), align: 0
  Segment part 10. ROOT.      Intra module refs:   __low_level_init
           ENTRY                   ADDRESS         REF BY
           =====                   =======         ======
           _A_IEN1                 000000B8 
           LOCAL                   ADDRESS         
           =====                   =======         
           IEN1                    000000B8 
    -------------------------------------------------------------------------
SFR_AN
  Relative segment, address: DATA 000000BB - 000000BB (0x1 bytes), align: 0
  Segment part 11. ROOT.      Intra module refs:   __low_level_init
                                                   ublInit
           ENTRY                   ADDRESS         REF BY
           =====                   =======         ======
           ADCH                    000000BB 
    -------------------------------------------------------------------------
SFR_AN
  Relative segment, address: DATA 000000C6 - 000000C6 (0x1 bytes), align: 0
  Segment part 12. ROOT.      Intra module refs:   __low_level_init
           ENTRY                   ADDRESS         REF BY
           =====                   =======         ======
           CLKCONCMD               000000C6 
    -------------------------------------------------------------------------
SFR_AN
  Relative segment, address: DATA 000000C7 - 000000C7 (0x1 bytes), align: 0
  Segment part 13. ROOT.      Intra module refs:   HalFlashRead
                                                   __low_level_init
                                                   fillPgBuf (usb_firmware_library_config)
                                                   rxOutEP (usb_firmware_library_config)
           ENTRY                   ADDRESS         REF BY
           =====                   =======         ======
           MEMCTR                  000000C7 
    -------------------------------------------------------------------------
SFR_AN
  Relative segment, address: DATA 000000C9 - 000000C9 (0x1 bytes), align: 0
  Segment part 14. ROOT.      Intra module refs:   fakeOpExec (usb_firmware_library_config)
                                                   main
                                                   rxOutEP (usb_firmware_library_config)
                                                   ublCfg
                                                   ublJump
           ENTRY                   ADDRESS         REF BY
           =====                   =======         ======
           WDCTL                   000000C9 
    -------------------------------------------------------------------------
SFR_AN
  Relative segment, address: DATA 000000D1 - 000000D1 (0x1 bytes), align: 0
  Segment part 15. ROOT.      Intra module refs:   HalFlashWrite
           ENTRY                   ADDRESS         REF BY
           =====                   =======         ======
           DMAIRQ                  000000D1 
    -------------------------------------------------------------------------
SFR_AN
  Relative segment, address: DATA 000000D4 - 000000D4 (0x1 bytes), align: 0
  Segment part 16. ROOT.      Intra module refs:   main
           ENTRY                   ADDRESS         REF BY
           =====                   =======         ======
           DMA0CFGL                000000D4 
    -------------------------------------------------------------------------
SFR_AN
  Relative segment, address: DATA 000000D5 - 000000D5 (0x1 bytes), align: 0
  Segment part 17. ROOT.      Intra module refs:   main
           ENTRY                   ADDRESS         REF BY
           =====                   =======         ======
           DMA0CFGH                000000D5 
    -------------------------------------------------------------------------
SFR_AN
  Relative segment, address: DATA 000000D6 - 000000D6 (0x1 bytes), align: 0
  Segment part 18. ROOT.      Intra module refs:   HalFlashWrite
                                                   execCBW (usb_firmware_library_config)
                                                   fillPgBuf (usb_firmware_library_config)
                                                   rxOutEP (usb_firmware_library_config)
           ENTRY                   ADDRESS         REF BY
           =====                   =======         ======
           DMAARM                  000000D6 
    -------------------------------------------------------------------------
SFR_AN
  Relative segment, address: DATA 000000E8 - 000000E8 (0x1 bytes), align: 0
  Segment part 19. ROOT.      Intra module refs:   usb_msd_poll (usb_firmware_library_config)
                                                   usbirqHandler
                                                   usbirqInit
           ENTRY                   ADDRESS         REF BY
           =====                   =======         ======
           _A_IRCON2               000000E8 
           LOCAL                   ADDRESS         
           =====                   =======         
           IRCON2                  000000E8 
    -------------------------------------------------------------------------
SFR_AN
  Relative segment, address: DATA 000000F7 - 000000F7 (0x1 bytes), align: 0
  Segment part 20. ROOT.      Intra module refs:   gpioInit
           ENTRY                   ADDRESS         REF BY
           =====                   =======         ======
           P2INP                   000000F7 
    -------------------------------------------------------------------------
<BANKED_CODE,XDATA_ROM_C_FLASH> 1 (was BANKED_CODE)
  Relative segment, address: CODE 0003C124 - 0003C1A4 (0x81 bytes), align: 0
  Segment part 55.            Intra module refs:   HalFlashRead::?relay
           ENTRY                   ADDRESS         REF BY
           =====                   =======         ======
           HalFlashRead            0003C124 
               XSTACK = 00000016 ( 0000000C )
               ISTACK = 00000000 ( 00000001 )
    -------------------------------------------------------------------------
<BANKED_CODE,XDATA_ROM_C_FLASH> 1 (was BANKED_CODE)
  Relative segment, address: CODE 0003C1A5 - 0003C202 (0x5e bytes), align: 0
  Segment part 57.            Intra module refs:   HalFlashWrite::?relay
           ENTRY                   ADDRESS         REF BY
           =====                   =======         ======
           HalFlashWrite           0003C1A5 
               XSTACK = 00000016 ( 0000000A )
    -------------------------------------------------------------------------
<XDATA_ROM_C> 1 (was XDATA_ROM_C)
  Relative segment, address: CONST 0000C0AC - 0000C0CB (0x20 bytes), align: 0
  Segment part 29.            Intra module refs:   ublInit
           LOCAL                   ADDRESS         
           =====                   =======         
           unlockedSecKey          0000C0AC 
    -------------------------------------------------------------------------
<XDATA_ROM_C> 1 (was XDATA_ROM_C)
  Relative segment, address: CONST 0000C121 - 0000C121 (0x1 bytes), align: 0
  Segment part 30.
           ENTRY                   ADDRESS         REF BY
           =====                   =======         ======
           UBL_RC_IMG_PG_BEG       0000C121        Segment part 88 (usb_firmware_library_config)
                                                   fakeOpExec (usb_firmware_library_config)
                                                   sbcCmdReadWrite10 (usb_firmware_library_config)
                                                   usb_msd_init (usb_firmware_library_config)
    -------------------------------------------------------------------------
<XDATA_ROM_C> 1 (was XDATA_ROM_C)
  Relative segment, address: CONST 0000C120 - 0000C120 (0x1 bytes), align: 0
  Segment part 31.
           ENTRY                   ADDRESS         REF BY
           =====                   =======         ======
           UBL_RC_IMG_PG_END       0000C120        Segment part 88 (usb_firmware_library_config)
    -------------------------------------------------------------------------
<XDATA_N> 1 (was XDATA_N)
  Relative segment, address: XDATA 00000B9D - 0000139C (0x800 bytes), align: 0
  Segment part 32.
           ENTRY                   ADDRESS         REF BY
           =====                   =======         ======
           pgBuf                   00000B9D        Segment part 104 (usb_firmware_library_config)
                                                   Segment part 67 (usb_firmware_library_config)
                                                   fakeOpPrep (usb_firmware_library_config)
                                                   fakePgBuf (usb_firmware_library_config)
                                                   fillPgBuf (usb_firmware_library_config)
                                                   initDMA (usb_firmware_library_config)
                                                   rxOutEP (usb_firmware_library_config)
    -------------------------------------------------------------------------
<XDATA_N> 1 (was XDATA_N)
  Relative segment, address: XDATA 0000149D - 00001500 (0x64 bytes), align: 0
  Segment part 33.            Intra module refs:   __low_level_init
                                                   gpioInit
                                                   ublAesAuth
                                                   ublCfg
                                                   ublExec
                                                   ublInit
                                                   ublMassErase
           ENTRY                   ADDRESS         REF BY
           =====                   =======         ======
           ublMD                   0000149D        fakeOpExec (usb_firmware_library_config)
                                                   fillPgBuf (usb_firmware_library_config)
                                                   rxOutEP (usb_firmware_library_config)
    -------------------------------------------------------------------------
<XDATA_N> 1 (was XDATA_N)
  Relative segment, address: XDATA 00001595 - 00001596 (0x2 bytes), align: 0
  Segment part 34.            Intra module refs:   ?Subroutine16
                                                   gpioInit
           LOCAL                   ADDRESS         
           =====                   =======         
           pForcePort              00001595 
    -------------------------------------------------------------------------
<XDATA_N> 1 (was XDATA_N)
  Relative segment, address: XDATA 0000159B - 0000159B (0x1 bytes), align: 0
  Segment part 35.            Intra module refs:   gpioInit
                                                   ublExec
           LOCAL                   ADDRESS         
           =====                   =======         
           forcePin                0000159B 
    -------------------------------------------------------------------------
<XDATA_N> 1 (was XDATA_N)
  Relative segment, address: XDATA 0000158D - 00001590 (0x4 bytes), align: 0
  Segment part 36.            Intra module refs:   ublExec
                                                   ublInit
           LOCAL                   ADDRESS         
           =====                   =======         
           stStart                 0000158D 
    -------------------------------------------------------------------------
<XDATA_N> 1 (was XDATA_N)
  Relative segment, address: XDATA 00001589 - 0000158C (0x4 bytes), align: 0
  Segment part 37.            Intra module refs:   ublExec
                                                   ublInit
           LOCAL                   ADDRESS         
           =====                   =======         
           stDelay                 00001589 
    -------------------------------------------------------------------------
<BANKED_CODE,XDATA_ROM_C_FLASH> 1 (was BANKED_CODE)
  Relative segment, address: CODE 0003C203 - 0003C255 (0x53 bytes), align: 0
  Segment part 61.            Intra module refs:   ublAesAuth::?relay
           ENTRY                   ADDRESS         REF BY
           =====                   =======         ======
           ublAesAuth              0003C203 
               calls direct
               XSTACK = 00000000 ( 0000000C )
    -------------------------------------------------------------------------
<BANKED_CODE,XDATA_ROM_C_FLASH> 1 (was BANKED_CODE)
  Relative segment, address: CODE 0003C256 - 0003C25A (0x5 bytes), align: 0
  Segment part 63.            Intra module refs:   ublAesCrypt::?relay
           ENTRY                   ADDRESS         REF BY
           =====                   =======         ======
           ublAesCrypt             0003C256 
    -------------------------------------------------------------------------
<BANKED_CODE,XDATA_ROM_C_FLASH> 1 (was BANKED_CODE)
  Relative segment, address: CODE 0003C25B - 0003C308 (0xae bytes), align: 0
  Segment part 65.            Intra module refs:   ublCfg::?relay
           ENTRY                   ADDRESS         REF BY
           =====                   =======         ======
           ublCfg                  0003C25B 
               calls direct
               XSTACK = 00000000 ( 00000010 )
    -------------------------------------------------------------------------
<BANKED_CODE,XDATA_ROM_C_FLASH> 1 (was BANKED_CODE)
  Relative segment, address: CODE 0003C309 - 0003C30E (0x6 bytes), align: 0
  Segment part 67.            Intra module refs:   ublCfg
                                                   usbdpGetStringDesc
           LOCAL                   ADDRESS         
           =====                   =======         
           ?Subroutine5            0003C309 
    -------------------------------------------------------------------------
<BANKED_CODE,XDATA_ROM_C_FLASH> 1 (was BANKED_CODE)
  Relative segment, address: CODE 0003C30F - 0003C415 (0x107 bytes), align: 0
  Segment part 68.            Intra module refs:   ublExec::?relay
           ENTRY                   ADDRESS         REF BY
           =====                   =======         ======
           ublExec                 0003C30F 
               calls direct
               XSTACK = 00000000 ( 00000010 )
               ISTACK = 00000000 ( 00000001 )
    -------------------------------------------------------------------------
<BANKED_CODE,XDATA_ROM_C_FLASH> 1 (was BANKED_CODE)
  Relative segment, address: CODE 0003C416 - 0003C541 (0x12c bytes), align: 0
  Segment part 70.            Intra module refs:   ublInit::?relay
           ENTRY                   ADDRESS         REF BY
           =====                   =======         ======
           ublInit                 0003C416 
               calls direct
               XSTACK = 00000000 ( 00000016 )
    -------------------------------------------------------------------------
<BANKED_CODE,XDATA_ROM_C_FLASH> 1 (was BANKED_CODE)
  Relative segment, address: CODE 0003C542 - 0003C54B (0xa bytes), align: 0
  Segment part 72.            Intra module refs:   HalFlashWrite
                                                   ublInit
           LOCAL                   ADDRESS         
           =====                   =======         
           ?Subroutine13           0003C542 
    -------------------------------------------------------------------------
<BANKED_CODE,XDATA_ROM_C_FLASH> 1 (was BANKED_CODE)
  Relative segment, address: CODE 0003C54C - 0003C55D (0x12 bytes), align: 0
  Segment part 73.            Intra module refs:   ublCfg
                                                   ublInit
           LOCAL                   ADDRESS         
           =====                   =======         
           ?Subroutine12           0003C54C 
    -------------------------------------------------------------------------
<BANKED_CODE,XDATA_ROM_C_FLASH> 1 (was BANKED_CODE)
  Relative segment, address: CODE 0003C55E - 0003C564 (0x7 bytes), align: 0
  Segment part 74.            Intra module refs:   ublExec
                                                   ublInit
           LOCAL                   ADDRESS         
           =====                   =======         
           ?Subroutine10           0003C55E 
    -------------------------------------------------------------------------
<BANKED_CODE,XDATA_ROM_C_FLASH> 1 (was BANKED_CODE)
  Relative segment, address: CODE 0003C565 - 0003C571 (0xd bytes), align: 0
  Segment part 75.            Intra module refs:   ublJump::?relay
           ENTRY                   ADDRESS         REF BY
           =====                   =======         ======
           ublJump                 0003C565 
               XSTACK = 00000014 ( 00000000 )
    -------------------------------------------------------------------------
<BANKED_CODE,XDATA_ROM_C_FLASH> 1 (was BANKED_CODE)
  Relative segment, address: CODE 0003C572 - 0003C5BE (0x4d bytes), align: 0
  Segment part 77.            Intra module refs:   ublMassErase::?relay
           ENTRY                   ADDRESS         REF BY
           =====                   =======         ======
           ublMassErase            0003C572 
               XSTACK = 0000000E ( 00000000 )
               ISTACK = 00000000 ( 00000003 )
    -------------------------------------------------------------------------
<BANKED_CODE,XDATA_ROM_C_FLASH> 1 (was BANKED_CODE)
  Relative segment, address: CODE 0003C5BF - 0003C6B0 (0xf2 bytes), align: 0
  Segment part 79.            Intra module refs:   gpioInit::?relay
           LOCAL                   ADDRESS         
           =====                   =======         
           gpioInit                0003C5BF 
               XSTACK = 00000014 ( 0000000A )
               ISTACK = 00000000 ( 00000001 )
    -------------------------------------------------------------------------
<BANKED_CODE,XDATA_ROM_C_FLASH> 1 (was BANKED_CODE)
  Relative segment, address: CODE 0003C6B1 - 0003C6B8 (0x8 bytes), align: 0
  Segment part 81.            Intra module refs:   gpioInit
                                                   ublExec
           LOCAL                   ADDRESS         
           =====                   =======         
           ?Subroutine16           0003C6B1 
    -------------------------------------------------------------------------
<XDATA_N> 1 (was XDATA_N)
  Relative segment, address: XDATA 00001581 - 00001588 (0x8 bytes), align: 0
  Segment part 38.            Intra module refs:   HalFlashWrite
                                                   main
           ENTRY                   ADDRESS         REF BY
           =====                   =======         ======
           dmaCh0                  00001581 
    -------------------------------------------------------------------------
<BANKED_CODE,BANK_RELAYS..> 1 (was NEAR_CODE)
  Relative segment, address: CODE 00000102 - 00000182 (0x81 bytes), align: 0
  Segment part 165. ROOT.
           ENTRY                   ADDRESS         REF BY
           =====                   =======         ======
           __low_level_init        00000102        __low_level_init_call (?cmain)
               calls direct
               XSTACK = 00000000 ( 0000000B )
    -------------------------------------------------------------------------
XDATA_Z
  Relative segment, address: XDATA 00000300 - 00000301 (0x2 bytes), align: 0
  Segment part 39.            Intra module refs:   ?Subroutine11
                                                   ?Subroutine8
                                                   usbdpFindNext
           LOCAL                   ADDRESS         
           =====                   =======         
           usbdpData               00000300 
    -------------------------------------------------------------------------
<XDATA_ROM_C> 1 (was XDATA_ROM_C)
  Relative segment, address: CONST 0000C108 - 0000C10B (0x4 bytes), align: 0
  Segment part 40.            Intra module refs:   usbdpGetStringDesc
           LOCAL                   ADDRESS         
           =====                   =======         
           languageId              0000C108 
    -------------------------------------------------------------------------
<XDATA_ROM_C> 1 (was XDATA_ROM_C)
  Relative segment, address: CONST 0000C000 - 0000C023 (0x24 bytes), align: 0
  Segment part 41.            Intra module refs:   usbdpGetStringDesc
           LOCAL                   ADDRESS         
           =====                   =======         
           manufacturer            0000C000 
    -------------------------------------------------------------------------
<XDATA_ROM_C> 1 (was XDATA_ROM_C)
  Relative segment, address: CONST 0000C048 - 0000C06B (0x24 bytes), align: 0
  Segment part 42.            Intra module refs:   usbdpGetStringDesc
           LOCAL                   ADDRESS         
           =====                   =======         
           product                 0000C048 
    -------------------------------------------------------------------------
XDATA_I
  Relative segment, address: XDATA 00000329 - 00000352 (0x2a bytes), align: 0
  Segment part 43.            Intra module refs:   usbdpGetStringDesc
           LOCAL                   ADDRESS         
           =====                   =======         
           serialNumber            00000329 
    -------------------------------------------------------------------------
<XDATA_ROM_C> 1 (was XDATA_ROM_C)
  Relative segment, address: CONST 0000C0CC - 0000C0DB (0x10 bytes), align: 0
  Segment part 45.            Intra module refs:   ?Subroutine6
           ENTRY                   ADDRESS         REF BY
           =====                   =======         ======
           hexDigit                0000C0CC 
    -------------------------------------------------------------------------
XDATA_Z
  Relative segment, address: XDATA 00000302 - 00000315 (0x14 bytes), align: 0
  Segment part 46.            Intra module refs:   ?Subroutine26
                                                   ChangeFeature
                                                   ConfigureEndpoints
                                                   usbfwInit
                                                   usbfwResetHandler
                                                   usbfwSetAllEpStatus
                                                   usbfwSetupHandler
                                                   usbsrGetConfiguration
                                                   usbsrGetDescriptor
                                                   usbsrGetInterface
                                                   usbsrGetStatus
                                                   usbsrSetAddress
                                                   usbsrSetConfiguration
                                                   usbsrSetInterface
           ENTRY                   ADDRESS         REF BY
           =====                   =======         ======
           usbfwData               00000302        Segment part 134 (usb_firmware_library_config)
                                                   usbcrHookProcessIn (usb_firmware_library_config)
    -------------------------------------------------------------------------
XDATA_Z
  Relative segment, address: XDATA 00000316 - 0000031A (0x5 bytes), align: 0
  Segment part 47.            Intra module refs:   ?Subroutine15
                                                   ?Subroutine19
                                                   ?Subroutine22
                                                   ?Subroutine25
                                                   ?Subroutine9
                                                   usbfwSetupHandler
                                                   usbsrGetConfiguration
                                                   usbsrGetDescriptor
                                                   usbsrGetInterface
                                                   usbsrGetStatus
           ENTRY                   ADDRESS         REF BY
           =====                   =======         ======
           usbSetupData            00000316        usbcrHookProcessIn (usb_firmware_library_config)
    -------------------------------------------------------------------------
XDATA_Z
  Relative segment, address: XDATA 0000031B - 00000322 (0x8 bytes), align: 0
  Segment part 48.            Intra module refs:   ?Subroutine7
                                                   ChangeFeature
                                                   usbfwSetupHandler
                                                   usbsrGetDescriptor
                                                   usbsrGetInterface
                                                   usbsrGetStatus
                                                   usbsrSetAddress
                                                   usbsrSetConfiguration
                                                   usbsrSetInterface
           ENTRY                   ADDRESS         REF BY
           =====                   =======         ======
           usbSetupHeader          0000031B        usbcrHookProcessIn (usb_firmware_library_config)
    -------------------------------------------------------------------------
DATA_Z
  Relative segment, address: DATA 0000003E - 0000003F (0x2 bytes), align: 0
  Segment part 49.            Intra module refs:   usbfwResetHandler
                                                   usbfwSetupHandler
           LOCAL                   ADDRESS         
           =====                   =======         
           ProcessFunc             0000003E 
    -------------------------------------------------------------------------
DATA_Z
  Relative segment, address: DATA 00000040 - 00000044 (0x5 bytes), align: 0
  Segment part 50.            Intra module refs:   usbirqHandler
                                                   usbirqInit
           ENTRY                   ADDRESS         REF BY
           =====                   =======         ======
           usbirqData              00000040        usb_msd_poll (usb_firmware_library_config)
    -------------------------------------------------------------------------
<BANKED_CODE,XDATA_ROM_C_FLASH> 1 (was BANKED_CODE)
  Relative segment, address: CODE 0003C6B9 - 0003C6BD (0x5 bytes), align: 0
  Segment part 82.            Intra module refs:   usbirqHandler
                                                   usbirqInit
           LOCAL                   ADDRESS         
           =====                   =======         
           ?Subroutine1            0003C6B9 
    -------------------------------------------------------------------------
<BANKED_CODE,XDATA_ROM_C_FLASH> 1 (was BANKED_CODE)
  Relative segment, address: CODE 0003C6BE - 0003C6C2 (0x5 bytes), align: 0
  Segment part 83.            Intra module refs:   ?Subroutine1
                                                   ?Subroutine5
                                                   ChangeFeature
                                                   HalFlashWrite
                                                   gpioInit
                                                   ublAesAuth
                                                   usbdpGetConfigurationDesc
                                                   usbfwSetAllEpStatus
                                                   usbsrGetStatus
    -------------------------------------------------------------------------
<BANKED_CODE,XDATA_ROM_C_FLASH> 1 (was BANKED_CODE)
  Relative segment, address: CODE 0003C6C3 - 0003C6D9 (0x17 bytes), align: 0
  Segment part 84.
           ENTRY                   ADDRESS         REF BY
           =====                   =======         ======
           main                    0003C6C3        ?call_main (?cmain)
               calls direct
    -------------------------------------------------------------------------
<BANKED_CODE,XDATA_ROM_C_FLASH> 1 (was BANKED_CODE)
  Relative segment, address: CODE 0003C6DA - 0003C720 (0x47 bytes), align: 0
  Segment part 88.            Intra module refs:   usbdpFindNext::?relay
           ENTRY                   ADDRESS         REF BY
           =====                   =======         ======
           usbdpFindNext           0003C6DA 
               XSTACK = 00000013 ( 00000000 )
               ISTACK = 00000000 ( 00000002 )
    -------------------------------------------------------------------------
<BANKED_CODE,XDATA_ROM_C_FLASH> 1 (was BANKED_CODE)
  Relative segment, address: CODE 0003C721 - 0003C723 (0x3 bytes), align: 0
  Segment part 90.            Intra module refs:   usbfwSetupHandler
                                                   usbsrGetDescriptor
           LOCAL                   ADDRESS         
           =====                   =======         
           ?Subroutine15           0003C721 
    -------------------------------------------------------------------------
<BANKED_CODE,XDATA_ROM_C_FLASH> 1 (was BANKED_CODE)
  Relative segment, address: CODE 0003C724 - 0003C727 (0x4 bytes), align: 0
  Segment part 91.            Intra module refs:   ?Subroutine15
                                                   ublAesAuth
                                                   usbdpFindNext
    -------------------------------------------------------------------------
<BANKED_CODE,XDATA_ROM_C_FLASH> 1 (was BANKED_CODE)
  Relative segment, address: CODE 0003C728 - 0003C72D (0x6 bytes), align: 0
  Segment part 92.            Intra module refs:   ?Subroutine10
                                                   ?Subroutine11
                                                   ?Subroutine14
                                                   Segment part 154
                                                   Segment part 91
           LOCAL                   ADDRESS         
           =====                   =======         
           ?Subroutine23           0003C728 
    -------------------------------------------------------------------------
<BANKED_CODE,XDATA_ROM_C_FLASH> 1 (was BANKED_CODE)
  Relative segment, address: CODE 0003C72E - 0003C74A (0x1d bytes), align: 0
  Segment part 93.            Intra module refs:   usbdpFindNext
           LOCAL                   ADDRESS         
           =====                   =======         
           ?Subroutine8            0003C72E 
    -------------------------------------------------------------------------
<BANKED_CODE,XDATA_ROM_C_FLASH> 1 (was BANKED_CODE)
  Relative segment, address: CODE 0003C74B - 0003C753 (0x9 bytes), align: 0
  Segment part 94.            Intra module refs:   ?Subroutine16
                                                   ?Subroutine8
           LOCAL                   ADDRESS         
           =====                   =======         
           ?Subroutine24           0003C74B 
    -------------------------------------------------------------------------
<BANKED_CODE,XDATA_ROM_C_FLASH> 1 (was BANKED_CODE)
  Relative segment, address: CODE 0003C754 - 0003C763 (0x10 bytes), align: 0
  Segment part 95.            Intra module refs:   usbdpGetDeviceDesc::?relay
           ENTRY                   ADDRESS         REF BY
           =====                   =======         ======
           usbdpGetDeviceDesc      0003C754 
               calls direct
               XSTACK = 0000000E ( 00000000 )
               ISTACK = 00000000 ( 00000002 )
    -------------------------------------------------------------------------
<BANKED_CODE,XDATA_ROM_C_FLASH> 1 (was BANKED_CODE)
  Relative segment, address: CODE 0003C764 - 0003C76A (0x7 bytes), align: 0
  Segment part 97.            Intra module refs:   ublMassErase
           LOCAL                   ADDRESS         
           =====                   =======         
           ?Subroutine2            0003C764 
    -------------------------------------------------------------------------
<BANKED_CODE,XDATA_ROM_C_FLASH> 1 (was BANKED_CODE)
  Relative segment, address: CODE 0003C76B - 0003C76B (0x1 bytes), align: 0
  Segment part 98.            Intra module refs:   ?Subroutine2
                                                   usbsrGetConfiguration
    -------------------------------------------------------------------------
<BANKED_CODE,XDATA_ROM_C_FLASH> 1 (was BANKED_CODE)
  Relative segment, address: CODE 0003C76C - 0003C772 (0x7 bytes), align: 0
  Segment part 99.            Intra module refs:   Segment part 98
                                                   usbdpFindNext
                                                   usbdpGetDeviceDesc
                                                   usbfwInit
                                                   usbfwResetHandler
                                                   usbsrClearFeature
                                                   usbsrSetAddress
                                                   usbsrSetFeature
    -------------------------------------------------------------------------
<BANKED_CODE,XDATA_ROM_C_FLASH> 1 (was BANKED_CODE)
  Relative segment, address: CODE 0003C773 - 0003C7A8 (0x36 bytes), align: 0
  Segment part 100.           Intra module refs:   usbdpGetConfigurationDesc::?relay
           ENTRY                   ADDRESS         REF BY
           =====                   =======         ======
           usbdpGetConfigurationDesc
                                   0003C773 
               calls direct
               XSTACK = 0000000E ( 0000000A )
    -------------------------------------------------------------------------
<BANKED_CODE,XDATA_ROM_C_FLASH> 1 (was BANKED_CODE)
  Relative segment, address: CODE 0003C7A9 - 0003C7B7 (0xf bytes), align: 0
  Segment part 102.           Intra module refs:   usbdpGetConfigurationDesc
                                                   usbdpGetDeviceDesc
           LOCAL                   ADDRESS         
           =====                   =======         
           ?Subroutine11           0003C7A9 
    -------------------------------------------------------------------------
<BANKED_CODE,XDATA_ROM_C_FLASH> 1 (was BANKED_CODE)
  Relative segment, address: CODE 0003C7B8 - 0003C7E8 (0x31 bytes), align: 0
  Segment part 103.           Intra module refs:   usbdpGetInterfaceDesc::?relay
           ENTRY                   ADDRESS         REF BY
           =====                   =======         ======
           usbdpGetInterfaceDesc   0003C7B8 
               calls direct
               XSTACK = 0000000C ( 0000000C )
    -------------------------------------------------------------------------
<BANKED_CODE,XDATA_ROM_C_FLASH> 1 (was BANKED_CODE)
  Relative segment, address: CODE 0003C7E9 - 0003C7ED (0x5 bytes), align: 0
  Segment part 105.           Intra module refs:   HalFlashRead
                                                   ublExec
                                                   usbdpGetInterfaceDesc
                                                   usbsrSetConfiguration
                                                   usbsrSetInterface
           LOCAL                   ADDRESS         
           =====                   =======         
           ?Subroutine0            0003C7E9 
    -------------------------------------------------------------------------
<BANKED_CODE,XDATA_ROM_C_FLASH> 1 (was BANKED_CODE)
  Relative segment, address: CODE 0003C7EE - 0003C881 (0x94 bytes), align: 0
  Segment part 106.           Intra module refs:   usbdpGetStringDesc::?relay
           ENTRY                   ADDRESS         REF BY
           =====                   =======         ======
           usbdpGetStringDesc      0003C7EE 
               XSTACK = 0000000E ( 00000012 )
               ISTACK = 00000000 ( 00000001 )
    -------------------------------------------------------------------------
<BANKED_CODE,XDATA_ROM_C_FLASH> 1 (was BANKED_CODE)
  Relative segment, address: CODE 0003C882 - 0003C890 (0xf bytes), align: 0
  Segment part 108.           Intra module refs:   usbdpGetStringDesc
           LOCAL                   ADDRESS         
           =====                   =======         
           ?Subroutine6            0003C882 
    -------------------------------------------------------------------------
<BANKED_CODE,XDATA_ROM_C_FLASH> 1 (was BANKED_CODE)
  Relative segment, address: CODE 0003C891 - 0003C8C8 (0x38 bytes), align: 0
  Segment part 109.           Intra module refs:   usbfwInit::?relay
           ENTRY                   ADDRESS         REF BY
           =====                   =======         ======
           usbfwInit               0003C891 
               calls direct
               ISTACK = 00000000 ( 00000002 )
    -------------------------------------------------------------------------
<BANKED_CODE,XDATA_ROM_C_FLASH> 1 (was BANKED_CODE)
  Relative segment, address: CODE 0003C8C9 - 0003C8E7 (0x1f bytes), align: 0
  Segment part 111.           Intra module refs:   usbfwResetHandler::?relay
           ENTRY                   ADDRESS         REF BY
           =====                   =======         ======
           usbfwResetHandler       0003C8C9 
               calls direct
               ISTACK = 00000000 ( 00000002 )
    -------------------------------------------------------------------------
<BANKED_CODE,XDATA_ROM_C_FLASH> 1 (was BANKED_CODE)
  Relative segment, address: CODE 0003C8E8 - 0003CAEE (0x207 bytes), align: 0
  Segment part 113.           Intra module refs:   usbfwSetupHandler::?relay
           ENTRY                   ADDRESS         REF BY
           =====                   =======         ======
           usbfwSetupHandler       0003C8E8 
               calls direct
               XSTACK = 00000000 ( 0000000E )
    -------------------------------------------------------------------------
<BANKED_CODE,XDATA_ROM_C_FLASH> 1 (was BANKED_CODE)
  Relative segment, address: CODE 0003CAEF - 0003CAF4 (0x6 bytes), align: 0
  Segment part 115.           Intra module refs:   usbfwSetupHandler
                                                   usbsrGetInterface
           LOCAL                   ADDRESS         
           =====                   =======         
           ?Subroutine3            0003CAEF 
    -------------------------------------------------------------------------
<BANKED_CODE,XDATA_ROM_C_FLASH> 1 (was BANKED_CODE)
  Relative segment, address: CODE 0003CAF5 - 0003CB05 (0x11 bytes), align: 0
  Segment part 116.           Intra module refs:   usbfwSetupHandler
           LOCAL                   ADDRESS         
           =====                   =======         
           ?Subroutine22           0003CAF5 
    -------------------------------------------------------------------------
<BANKED_CODE,XDATA_ROM_C_FLASH> 1 (was BANKED_CODE)
  Relative segment, address: CODE 0003CB06 - 0003CB10 (0xb bytes), align: 0
  Segment part 117.           Intra module refs:   usbfwSetupHandler
           LOCAL                   ADDRESS         
           =====                   =======         
           ?Subroutine18           0003CB06 
    -------------------------------------------------------------------------
<BANKED_CODE,XDATA_ROM_C_FLASH> 1 (was BANKED_CODE)
  Relative segment, address: CODE 0003CB11 - 0003CB42 (0x32 bytes), align: 0
  Segment part 118.           Intra module refs:   usbfwSetAllEpStatus::?relay
           ENTRY                   ADDRESS         REF BY
           =====                   =======         ======
           usbfwSetAllEpStatus     0003CB11 
               XSTACK = 0000000C ( 0000000A )
               ISTACK = 00000000 ( 00000001 )
    -------------------------------------------------------------------------
<BANKED_CODE,XDATA_ROM_C_FLASH> 1 (was BANKED_CODE)
  Relative segment, address: CODE 0003CB43 - 0003CB69 (0x27 bytes), align: 0
  Segment part 120.           Intra module refs:   usbfwReadFifo::?relay
           ENTRY                   ADDRESS         REF BY
           =====                   =======         ======
           usbfwReadFifo           0003CB43 
               XSTACK = 0000000E ( 00000009 )
               ISTACK = 00000000 ( 00000001 )
    -------------------------------------------------------------------------
<BANKED_CODE,XDATA_ROM_C_FLASH> 1 (was BANKED_CODE)
  Relative segment, address: CODE 0003CB6A - 0003CB6E (0x5 bytes), align: 0
  Segment part 122.           Intra module refs:   usbfwReadFifo
                                                   usbfwWriteFifo
           LOCAL                   ADDRESS         
           =====                   =======         
           ?Subroutine4            0003CB6A 
    -------------------------------------------------------------------------
<BANKED_CODE,XDATA_ROM_C_FLASH> 1 (was BANKED_CODE)
  Relative segment, address: CODE 0003CB6F - 0003CB71 (0x3 bytes), align: 0
  Segment part 123.           Intra module refs:   usbfwSetupHandler
           LOCAL                   ADDRESS         
           =====                   =======         
           ?Subroutine9            0003CB6F 
    -------------------------------------------------------------------------
<BANKED_CODE,XDATA_ROM_C_FLASH> 1 (was BANKED_CODE)
  Relative segment, address: CODE 0003CB72 - 0003CB74 (0x3 bytes), align: 0
  Segment part 124.           Intra module refs:   ?Subroutine9
                                                   usbfwReadFifo
                                                   usbfwWriteFifo
    -------------------------------------------------------------------------
<BANKED_CODE,XDATA_ROM_C_FLASH> 1 (was BANKED_CODE)
  Relative segment, address: CODE 0003CB75 - 0003CB7A (0x6 bytes), align: 0
  Segment part 125.           Intra module refs:   HalFlashRead
                                                   Segment part 124
                                                   usbdpFindNext
                                                   usbsrGetDescriptor
    -------------------------------------------------------------------------
<BANKED_CODE,XDATA_ROM_C_FLASH> 1 (was BANKED_CODE)
  Relative segment, address: CODE 0003CB7B - 0003CBA3 (0x29 bytes), align: 0
  Segment part 126.           Intra module refs:   usbfwWriteFifo::?relay
           ENTRY                   ADDRESS         REF BY
           =====                   =======         ======
           usbfwWriteFifo          0003CB7B 
               XSTACK = 0000000E ( 00000009 )
               ISTACK = 00000000 ( 00000001 )
    -------------------------------------------------------------------------
<BANKED_CODE,XDATA_ROM_C_FLASH> 1 (was BANKED_CODE)
  Relative segment, address: CODE 0003CBA4 - 0003CBE1 (0x3e bytes), align: 0
  Segment part 128.           Intra module refs:   usbirqInit::?relay
           ENTRY                   ADDRESS         REF BY
           =====                   =======         ======
           usbirqInit              0003CBA4 
               XSTACK = 00000000 ( 0000000A )
    -------------------------------------------------------------------------
<BANKED_CODE,XDATA_ROM_C_FLASH> 1 (was BANKED_CODE)
  Relative segment, address: CODE 0003CBE2 - 0003CC82 (0xa1 bytes), align: 0
  Segment part 130.           Intra module refs:   usbirqHandler::?relay
           ENTRY                   ADDRESS         REF BY
           =====                   =======         ======
           usbirqHandler           0003CBE2 
               calls direct
               XSTACK = 00000000 ( 0000000A )
    -------------------------------------------------------------------------
<BANKED_CODE,XDATA_ROM_C_FLASH> 1 (was BANKED_CODE)
  Relative segment, address: CODE 0003CC83 - 0003CD64 (0xe2 bytes), align: 0
  Segment part 132.           Intra module refs:   usbsrGetStatus::?relay
           ENTRY                   ADDRESS         REF BY
           =====                   =======         ======
           usbsrGetStatus          0003CC83 
               XSTACK = 0000000B ( 0000000A )
    -------------------------------------------------------------------------
XDATA_Z
  Relative segment, address: XDATA 00000323 - 00000324 (0x2 bytes), align: 0
  Segment part 51.            Intra module refs:   usbsrGetStatus
           LOCAL                   ADDRESS         
           =====                   =======         
           usbsrGetStatus::status
                                   00000323 
    -------------------------------------------------------------------------
<BANKED_CODE,XDATA_ROM_C_FLASH> 1 (was BANKED_CODE)
  Relative segment, address: CODE 0003CD65 - 0003CE50 (0xec bytes), align: 0
  Segment part 134.           Intra module refs:   ChangeFeature::?relay
           LOCAL                   ADDRESS         
           =====                   =======         
           ChangeFeature           0003CD65 
               calls direct
               XSTACK = 00000000 ( 0000000A )
               ISTACK = 00000000 ( 00000001 )
    -------------------------------------------------------------------------
<BANKED_CODE,XDATA_ROM_C_FLASH> 1 (was BANKED_CODE)
  Relative segment, address: CODE 0003CE51 - 0003CE62 (0x12 bytes), align: 0
  Segment part 136.           Intra module refs:   usbsrClearFeature::?relay
           ENTRY                   ADDRESS         REF BY
           =====                   =======         ======
           usbsrClearFeature       0003CE51 
               calls direct
               XSTACK = 0000000B ( 00000000 )
               ISTACK = 00000000 ( 00000002 )
    -------------------------------------------------------------------------
<BANKED_CODE,XDATA_ROM_C_FLASH> 1 (was BANKED_CODE)
  Relative segment, address: CODE 0003CE63 - 0003CE74 (0x12 bytes), align: 0
  Segment part 138.           Intra module refs:   usbsrSetFeature::?relay
           ENTRY                   ADDRESS         REF BY
           =====                   =======         ======
           usbsrSetFeature         0003CE63 
               calls direct
               XSTACK = 0000000B ( 00000000 )
               ISTACK = 00000000 ( 00000002 )
    -------------------------------------------------------------------------
<BANKED_CODE,XDATA_ROM_C_FLASH> 1 (was BANKED_CODE)
  Relative segment, address: CODE 0003CE75 - 0003CEBA (0x46 bytes), align: 0
  Segment part 140.           Intra module refs:   usbsrSetAddress::?relay
           ENTRY                   ADDRESS         REF BY
           =====                   =======         ======
           usbsrSetAddress         0003CE75 
               XSTACK = 0000000B ( 00000000 )
               ISTACK = 00000000 ( 00000002 )
    -------------------------------------------------------------------------
<BANKED_CODE,XDATA_ROM_C_FLASH> 1 (was BANKED_CODE)
  Relative segment, address: CODE 0003CEBB - 0003D022 (0x168 bytes), align: 0
  Segment part 142.           Intra module refs:   usbsrGetDescriptor::?relay
           ENTRY                   ADDRESS         REF BY
           =====                   =======         ======
           usbsrGetDescriptor      0003CEBB 
               calls direct
               XSTACK = 0000000B ( 0000000E )
               ISTACK = 00000000 ( 00000001 )
    -------------------------------------------------------------------------
<BANKED_CODE,XDATA_ROM_C_FLASH> 1 (was BANKED_CODE)
  Relative segment, address: CODE 0003D023 - 0003D031 (0xf bytes), align: 0
  Segment part 144.           Intra module refs:   usbsrGetDescriptor
           LOCAL                   ADDRESS         
           =====                   =======         
           ?Subroutine19           0003D023 
    -------------------------------------------------------------------------
<BANKED_CODE,XDATA_ROM_C_FLASH> 1 (was BANKED_CODE)
  Relative segment, address: CODE 0003D032 - 0003D03B (0xa bytes), align: 0
  Segment part 145.           Intra module refs:   ?Subroutine19
                                                   usbsrGetDescriptor
           LOCAL                   ADDRESS         
           =====                   =======         
           ?Subroutine25           0003D032 
    -------------------------------------------------------------------------
<BANKED_CODE,XDATA_ROM_C_FLASH> 1 (was BANKED_CODE)
  Relative segment, address: CODE 0003D03C - 0003D045 (0xa bytes), align: 0
  Segment part 146.           Intra module refs:   usbsrGetDescriptor
           LOCAL                   ADDRESS         
           =====                   =======         
           ?Subroutine17           0003D03C 
    -------------------------------------------------------------------------
<BANKED_CODE,XDATA_ROM_C_FLASH> 1 (was BANKED_CODE)
  Relative segment, address: CODE 0003D046 - 0003D04A (0x5 bytes), align: 0
  Segment part 147.           Intra module refs:   ConfigureEndpoints
                                                   usbsrGetDescriptor
                                                   usbsrSetAddress
           LOCAL                   ADDRESS         
           =====                   =======         
           ?Subroutine14           0003D046 
    -------------------------------------------------------------------------
<BANKED_CODE,XDATA_ROM_C_FLASH> 1 (was BANKED_CODE)
  Relative segment, address: CODE 0003D04B - 0003D19C (0x152 bytes), align: 0
  Segment part 148.           Intra module refs:   ConfigureEndpoints::?relay
           LOCAL                   ADDRESS         
           =====                   =======         
           ConfigureEndpoints      0003D04B 
               calls direct
               XSTACK = 0000000C ( 00000013 )
    -------------------------------------------------------------------------
<BANKED_CODE,XDATA_ROM_C_FLASH> 1 (was BANKED_CODE)
  Relative segment, address: CODE 0003D19D - 0003D1A8 (0xc bytes), align: 0
  Segment part 150.           Intra module refs:   ConfigureEndpoints
           LOCAL                   ADDRESS         
           =====                   =======         
           ?Subroutine21           0003D19D 
    -------------------------------------------------------------------------
<BANKED_CODE,XDATA_ROM_C_FLASH> 1 (was BANKED_CODE)
  Relative segment, address: CODE 0003D1A9 - 0003D1D7 (0x2f bytes), align: 0
  Segment part 151.           Intra module refs:   usbsrGetConfiguration::?relay
           ENTRY                   ADDRESS         REF BY
           =====                   =======         ======
           usbsrGetConfiguration   0003D1A9 
               XSTACK = 0000000B ( 00000000 )
               ISTACK = 00000000 ( 00000002 )
    -------------------------------------------------------------------------
<BANKED_CODE,XDATA_ROM_C_FLASH> 1 (was BANKED_CODE)
  Relative segment, address: CODE 0003D1D8 - 0003D1DA (0x3 bytes), align: 0
  Segment part 153.           Intra module refs:   usbsrGetConfiguration
                                                   usbsrGetInterface
                                                   usbsrGetStatus
           LOCAL                   ADDRESS         
           =====                   =======         
           ?Subroutine7            0003D1D8 
    -------------------------------------------------------------------------
<BANKED_CODE,XDATA_ROM_C_FLASH> 1 (was BANKED_CODE)
  Relative segment, address: CODE 0003D1DB - 0003D1E0 (0x6 bytes), align: 0
  Segment part 154.           Intra module refs:   ?Subroutine7
                                                   ChangeFeature
                                                   ublExec
                                                   usbfwSetupHandler
                                                   usbsrGetConfiguration
                                                   usbsrSetAddress
                                                   usbsrSetConfiguration
                                                   usbsrSetInterface
    -------------------------------------------------------------------------
<BANKED_CODE,XDATA_ROM_C_FLASH> 1 (was BANKED_CODE)
  Relative segment, address: CODE 0003D1E1 - 0003D287 (0xa7 bytes), align: 0
  Segment part 155.           Intra module refs:   usbsrSetConfiguration::?relay
           ENTRY                   ADDRESS         REF BY
           =====                   =======         ======
           usbsrSetConfiguration   0003D1E1 
               calls direct
               XSTACK = 0000000B ( 0000000C )
    -------------------------------------------------------------------------
<BANKED_CODE,XDATA_ROM_C_FLASH> 1 (was BANKED_CODE)
  Relative segment, address: CODE 0003D288 - 0003D2D1 (0x4a bytes), align: 0
  Segment part 157.           Intra module refs:   usbsrGetInterface::?relay
           ENTRY                   ADDRESS         REF BY
           =====                   =======         ======
           usbsrGetInterface       0003D288 
               XSTACK = 0000000B ( 0000000B )
    -------------------------------------------------------------------------
<BANKED_CODE,XDATA_ROM_C_FLASH> 1 (was BANKED_CODE)
  Relative segment, address: CODE 0003D2D2 - 0003D2DB (0xa bytes), align: 0
  Segment part 159.           Intra module refs:   usbsrGetConfiguration
                                                   usbsrGetInterface
           LOCAL                   ADDRESS         
           =====                   =======         
           ?Subroutine20           0003D2D2 
    -------------------------------------------------------------------------
<BANKED_CODE,XDATA_ROM_C_FLASH> 1 (was BANKED_CODE)
  Relative segment, address: CODE 0003D2DC - 0003D2E4 (0x9 bytes), align: 0
  Segment part 160.           Intra module refs:   ?Subroutine20
                                                   usbsrGetStatus
           LOCAL                   ADDRESS         
           =====                   =======         
           ?Subroutine26           0003D2DC 
    -------------------------------------------------------------------------
<BANKED_CODE,XDATA_ROM_C_FLASH> 1 (was BANKED_CODE)
  Relative segment, address: CODE 0003D2E5 - 0003D35A (0x76 bytes), align: 0
  Segment part 161.           Intra module refs:   usbsrSetInterface::?relay
           ENTRY                   ADDRESS         REF BY
           =====                   =======         ======
           usbsrSetInterface       0003D2E5 
               calls direct
               XSTACK = 0000000B ( 0000000C )
               ISTACK = 00000000 ( 00000001 )
    -------------------------------------------------------------------------
XDATA_ID
  Relative segment, address: CODE 0000008E - 000000B7 (0x2a bytes), align: 0
  Segment part 44.            Intra module refs:   serialNumber
    -------------------------------------------------------------------------
<BANKED_CODE,BANK_RELAYS..> 1 (was BANK_RELAYS)
  Relative segment, address: CODE 000005B3 - 000005B8 (0x6 bytes), align: 0
  Segment part 56.            Intra module refs:   __low_level_init
                                                   ublAesAuth
                                                   ublInit
           ENTRY                   ADDRESS         REF BY
           =====                   =======         ======
           HalFlashRead::?relay    000005B3        usb_msd_init (usb_firmware_library_config)
    -------------------------------------------------------------------------
<BANKED_CODE,BANK_RELAYS..> 1 (was BANK_RELAYS)
  Relative segment, address: CODE 000005B9 - 000005BE (0x6 bytes), align: 0
  Segment part 58.            Intra module refs:   ublAesAuth
                                                   ublCfg
                                                   ublInit
           ENTRY                   ADDRESS         REF BY
           =====                   =======         ======
           HalFlashWrite::?relay   000005B9        fakeOpExec (usb_firmware_library_config)
                                                   rxOutEP (usb_firmware_library_config)
    -------------------------------------------------------------------------
<BANKED_CODE,BANK_RELAYS..> 1 (was BANK_RELAYS)
  Relative segment, address: CODE 000005BF - 000005C4 (0x6 bytes), align: 0
  Segment part 62.
           ENTRY                   ADDRESS         REF BY
           =====                   =======         ======
           ublAesAuth::?relay      000005BF        fakeOpExec (usb_firmware_library_config)
    -------------------------------------------------------------------------
<BANKED_CODE,BANK_RELAYS..> 1 (was BANK_RELAYS)
  Relative segment, address: CODE 000005C5 - 000005CA (0x6 bytes), align: 0
  Segment part 64.
           ENTRY                   ADDRESS         REF BY
           =====                   =======         ======
           ublAesCrypt::?relay     000005C5        fillPgBuf (usb_firmware_library_config)
                                                   rxOutEP (usb_firmware_library_config)
    -------------------------------------------------------------------------
<BANKED_CODE,BANK_RELAYS..> 1 (was BANK_RELAYS)
  Relative segment, address: CODE 000005CB - 000005D0 (0x6 bytes), align: 0
  Segment part 66.
           ENTRY                   ADDRESS         REF BY
           =====                   =======         ======
           ublCfg::?relay          000005CB        rxOutEP (usb_firmware_library_config)
    -------------------------------------------------------------------------
<BANKED_CODE,BANK_RELAYS..> 1 (was BANK_RELAYS)
  Relative segment, address: CODE 000005D1 - 000005D6 (0x6 bytes), align: 0
  Segment part 69.            Intra module refs:   main
           ENTRY                   ADDRESS         REF BY
           =====                   =======         ======
           ublExec::?relay         000005D1 
    -------------------------------------------------------------------------
<BANKED_CODE,BANK_RELAYS..> 1 (was BANK_RELAYS)
  Relative segment, address: CODE 000005D7 - 000005DC (0x6 bytes), align: 0
  Segment part 71.            Intra module refs:   main
           ENTRY                   ADDRESS         REF BY
           =====                   =======         ======
           ublInit::?relay         000005D7 
    -------------------------------------------------------------------------
<BANKED_CODE,BANK_RELAYS..> 1 (was BANK_RELAYS)
  Relative segment, address: CODE 000005DD - 000005E2 (0x6 bytes), align: 0
  Segment part 76.            Intra module refs:   __low_level_init
                                                   ublExec
                                                   ublInit
           ENTRY                   ADDRESS         REF BY
           =====                   =======         ======
           ublJump::?relay         000005DD 
    -------------------------------------------------------------------------
<BANKED_CODE,BANK_RELAYS..> 1 (was BANK_RELAYS)
  Relative segment, address: CODE 000005E3 - 000005E8 (0x6 bytes), align: 0
  Segment part 78.            Intra module refs:   ublCfg
           ENTRY                   ADDRESS         REF BY
           =====                   =======         ======
           ublMassErase::?relay    000005E3        Segment part 103 (usb_firmware_library_config)
                                                   fakeOpExec (usb_firmware_library_config)
                                                   fakeOpPrep (usb_firmware_library_config)
    -------------------------------------------------------------------------
<BANKED_CODE,BANK_RELAYS..> 1 (was BANK_RELAYS)
  Relative segment, address: CODE 000005E9 - 000005EE (0x6 bytes), align: 0
  Segment part 80.            Intra module refs:   ublInit
           LOCAL                   ADDRESS         
           =====                   =======         
           gpioInit::?relay        000005E9 
    -------------------------------------------------------------------------
<BANKED_CODE,BANK_RELAYS..> 1 (was BANK_RELAYS)
  Relative segment, address: CODE 000005EF - 000005F4 (0x6 bytes), align: 0
  Segment part 89.            Intra module refs:   ConfigureEndpoints
                                                   usbdpGetConfigurationDesc
                                                   usbdpGetDeviceDesc
                                                   usbdpGetInterfaceDesc
                                                   usbsrSetConfiguration
           ENTRY                   ADDRESS         REF BY
           =====                   =======         ======
           usbdpFindNext::?relay   000005EF 
    -------------------------------------------------------------------------
<BANKED_CODE,BANK_RELAYS..> 1 (was BANK_RELAYS)
  Relative segment, address: CODE 000005F5 - 000005FA (0x6 bytes), align: 0
  Segment part 96.            Intra module refs:   usbsrGetDescriptor
           ENTRY                   ADDRESS         REF BY
           =====                   =======         ======
           usbdpGetDeviceDesc::?relay
                                   000005F5 
    -------------------------------------------------------------------------
<BANKED_CODE,BANK_RELAYS..> 1 (was BANK_RELAYS)
  Relative segment, address: CODE 000005FB - 00000600 (0x6 bytes), align: 0
  Segment part 101.           Intra module refs:   usbdpGetInterfaceDesc
                                                   usbfwInit
                                                   usbsrGetDescriptor
[...]
  Segment part 0.
           ENTRY                   ADDRESS         REF BY
           =====                   =======         ======
           ?CALL_IND               000005B1        usbfwSetupHandler (hal_flash)

    -------------------------------------------------------------------------
  LIBRARY MODULE, NAME : ?BANKED_ENTER_XDATA

  SEGMENTS IN THE MODULE
  ======================
<BANKED_CODE,BANK_RELAYS..> 1 (was RCODE)
  Relative segment, address: CODE 000001F2 - 0000025D (0x6c bytes), align: 0
  Segment part 1.
           ENTRY                   ADDRESS         REF BY
           =====                   =======         ======
           ?BANKED_ENTER_XDATA     000001F2        ChangeFeature (hal_flash)
                                                   ConfigureEndpoints (hal_flash)
                                                   HalFlashRead (hal_flash)
                                                   HalFlashWrite (hal_flash)
                                                   execCBW (usb_firmware_library_config)
                                                   execCBWCB (usb_firmware_library_config)
                                                   fakeOpExec (usb_firmware_library_config)
                                                   fakeOpPrep (usb_firmware_library_config)
                                                   fakePgBuf (usb_firmware_library_config)
                                                   fillPgBuf (usb_firmware_library_config)
                                                   gpioInit (hal_flash)
                                                   memcmp (?memcmp)
                                                   memcpy (?memcpy)
                                                   pollOutEP (usb_firmware_library_config)
                                                   rxOutEP (usb_firmware_library_config)
                                                   sbcCmdReadWrite10 (usb_firmware_library_config)
                                                   ublAesAuth (hal_flash)
                                                   ublCfg (hal_flash)
                                                   ublExec (hal_flash)
                                                   ublInit (hal_flash)
                                                   usb_msd_init (usb_firmware_library_config)
                                                   usb_msd_poll (usb_firmware_library_config)
                                                   usbdpGetConfigurationDesc (hal_flash)
                                                   usbdpGetInterfaceDesc (hal_flash)
                                                   usbdpGetStringDesc (hal_flash)
                                                   usbfwReadFifo (hal_flash)
                                                   usbfwSetAllEpStatus (hal_flash)
                                                   usbfwSetupHandler (hal_flash)
                                                   usbfwWriteFifo (hal_flash)
                                                   usbirqHandler (hal_flash)
                                                   usbirqInit (hal_flash)
                                                   usbsrGetDescriptor (hal_flash)
                                                   usbsrGetInterface (hal_flash)
                                                   usbsrGetStatus (hal_flash)
                                                   usbsrSetConfiguration (hal_flash)
                                                   usbsrSetInterface (hal_flash)

    -------------------------------------------------------------------------
  LIBRARY MODULE, NAME : ?FUNC_ENTER_XDATA

  SEGMENTS IN THE MODULE
  ======================
<BANKED_CODE,BANK_RELAYS..> 1 (was RCODE)
  Relative segment, address: CODE 0000025E - 000002C3 (0x66 bytes), align: 0
  Segment part 1.
           ENTRY                   ADDRESS         REF BY
           =====                   =======         ======
           ?FUNC_ENTER_XDATA       0000025E        __low_level_init (hal_flash)

    -------------------------------------------------------------------------
  LIBRARY MODULE, NAME : ?BANKED_LEAVE_XDATA

  SEGMENTS IN THE MODULE
  ======================
<BANKED_CODE,BANK_RELAYS..> 1 (was RCODE)
  Relative segment, address: CODE 00000327 - 0000036C (0x46 bytes), align: 0
  Segment part 1.
           ENTRY                   ADDRESS         REF BY
           =====                   =======         ======
           ?BANKED_LEAVE_XDATA     00000327        ?Subroutine0 (hal_flash)
                                                   ?Subroutine3 (hal_flash)
                                                   ?Subroutine4 (hal_flash)
                                                   ConfigureEndpoints (hal_flash)
                                                   Segment part 57 (usb_firmware_library_config)
                                                   Segment part 72 (usb_firmware_library_config)
                                                   Segment part 83 (hal_flash)
                                                   memcmp (?memcmp)
                                                   memcpy (?memcpy)
                                                   ublInit (hal_flash)
                                                   usbsrGetDescriptor (hal_flash)

    -------------------------------------------------------------------------
  LIBRARY MODULE, NAME : ?FUNC_LEAVE_XDATA

  SEGMENTS IN THE MODULE
  ======================
<BANKED_CODE,BANK_RELAYS..> 1 (was RCODE)
  Relative segment, address: CODE 0000036D - 000003AC (0x40 bytes), align: 0
  Segment part 1.
           ENTRY                   ADDRESS         REF BY
           =====                   =======         ======
           ?FUNC_LEAVE_XDATA       0000036D        __low_level_init (hal_flash)

    -------------------------------------------------------------------------
  LIBRARY MODULE, NAME : ?PUSH_XSTACK_I

  SEGMENTS IN THE MODULE
  ======================
<BANKED_CODE,BANK_RELAYS..> 1 (was RCODE)
  Relative segment, address: CODE 000004EA - 000004ED (0x4 bytes), align: 0
  Segment part 1.
           ENTRY                   ADDRESS         REF BY
           =====                   =======         ======
           ?PUSH_XSTACK_I_THREE    000004EA        execCBWCB (usb_firmware_library_config)
                                                   usb_msd_poll (usb_firmware_library_config)
                                                   usbfwSetupHandler (hal_flash)
    -------------------------------------------------------------------------
<BANKED_CODE,BANK_RELAYS..> 1 (was RCODE)
  Relative segment, address: CODE 000004EE - 000004F1 (0x4 bytes), align: 0
  Segment part 2.
           ENTRY                   ADDRESS         REF BY
           =====                   =======         ======
           ?PUSH_XSTACK_I_TWO      000004EE        __low_level_init (hal_flash)
                                                   execCBW (usb_firmware_library_config)
                                                   fakeOpExec (usb_firmware_library_config)
                                                   fakeOpPrep (usb_firmware_library_config)
                                                   fakePgBuf (usb_firmware_library_config)
                                                   pollOutEP (usb_firmware_library_config)
                                                   rxOutEP (usb_firmware_library_config)
                                                   ublAesAuth (hal_flash)
                                                   ublCfg (hal_flash)
                                                   ublInit (hal_flash)
                                                   usb_msd_init (usb_firmware_library_config)
    -------------------------------------------------------------------------
<BANKED_CODE,BANK_RELAYS..> 1 (was RCODE)
  Relative segment, address: CODE 000004F2 - 000004FE (0xd bytes), align: 0
  Segment part 4.             Intra module refs:   ?PUSH_XSTACK_I_THREE
                                                   ?PUSH_XSTACK_I_TWO
           ENTRY                   ADDRESS         REF BY
           =====                   =======         ======
           ?PUSH_XSTACK_I          000004F2 

    -------------------------------------------------------------------------
  LIBRARY MODULE, NAME : ?PUSH_XSTACK8_X

  SEGMENTS IN THE MODULE
  ======================
<BANKED_CODE,BANK_RELAYS..> 1 (was RCODE)
  Relative segment, address: CODE 000003E3 - 000003E6 (0x4 bytes), align: 0
  Segment part 2.
           ENTRY                   ADDRESS         REF BY
           =====                   =======         ======
           ?PUSH_XSTACK8_X_THREE   000003E3        usbfwSetupHandler (hal_flash)
    -------------------------------------------------------------------------
<BANKED_CODE,BANK_RELAYS..> 1 (was RCODE)
  Relative segment, address: CODE 000003E7 - 0000040F (0x29 bytes), align: 0
  Segment part 5.             Intra module refs:   ?PUSH_XSTACK8_X_THREE
           ENTRY                   ADDRESS         REF BY
           =====                   =======         ======
           ?PUSH_XSTACK8_X         000003E7 

    -------------------------------------------------------------------------
  LIBRARY MODULE, NAME : ?memcmp

  SEGMENTS IN THE MODULE
  ======================
<BANKED_CODE,BANK_RELAYS..> 1 (was BANKED_CODE)
  Relative segment, address: CODE 00000715 - 00000766 (0x52 bytes), align: 0
  Segment part 6.             Intra module refs:   memcmp::?relay
           ENTRY                   ADDRESS         REF BY
           =====                   =======         ======
           memcmp                  00000715 
               XSTACK = 00000002 ( 0000000C )
    -------------------------------------------------------------------------
<BANKED_CODE,BANK_RELAYS..> 1 (was BANK_RELAYS)
  Relative segment, address: CODE 00000703 - 00000708 (0x6 bytes), align: 0
  Segment part 7.
           ENTRY                   ADDRESS         REF BY
           =====                   =======         ======
           memcmp::?relay          00000703        Segment part 85 (usb_firmware_library_config)
                                                   ublCfg (hal_flash)
                                                   ublInit (hal_flash)

    -------------------------------------------------------------------------
  LIBRARY MODULE, NAME : ?memcpy

  SEGMENTS IN THE MODULE
  ======================
<BANKED_CODE,BANK_RELAYS..> 1 (was BANKED_CODE)
  Relative segment, address: CODE 00000767 - 000007AC (0x46 bytes), align: 0
  Segment part 6.             Intra module refs:   memcpy::?relay
           ENTRY                   ADDRESS         REF BY
           =====                   =======         ======
           memcpy                  00000767 
               XSTACK = 00000002 ( 0000000A )
               ISTACK = 00000000 ( 00000001 )
    -------------------------------------------------------------------------
<BANKED_CODE,BANK_RELAYS..> 1 (was BANK_RELAYS)
  Relative segment, address: CODE 00000709 - 0000070E (0x6 bytes), align: 0
  Segment part 7.
           ENTRY                   ADDRESS         REF BY
           =====                   =======         ======
           memcpy::?relay          00000709        Segment part 79 (usb_firmware_library_config)
                                                   ublCfg (hal_flash)

    -------------------------------------------------------------------------
  LIBRARY MODULE, NAME : ?memset

  SEGMENTS IN THE MODULE
  ======================
<BANKED_CODE,BANK_RELAYS..> 1 (was BANKED_CODE)
  Relative segment, address: CODE 000007AD - 000007D8 (0x2c bytes), align: 0
  Segment part 6.             Intra module refs:   memset::?relay
           ENTRY                   ADDRESS         REF BY
           =====                   =======         ======
           memset                  000007AD 
               XSTACK = 00000002 ( 00000000 )
               ISTACK = 00000000 ( 00000002 )
    -------------------------------------------------------------------------
<BANKED_CODE,BANK_RELAYS..> 1 (was BANK_RELAYS)
  Relative segment, address: CODE 0000070F - 00000714 (0x6 bytes), align: 0
  Segment part 7.
           ENTRY                   ADDRESS         REF BY
           =====                   =======         ======
           memset::?relay          0000070F        Segment part 93 (usb_firmware_library_config)

    *************************************************************************

  DEFINED ABSOLUTE ENTRIES
  PROGRAM MODULE, NAME : ?FILLER_BYTES

  SEGMENTS IN THE MODULE
  ======================
INTVEC
  Common segment, address: CODE 00000000 - 0000008D (0x8e bytes), align: 0
  Segment part 2.
    -------------------------------------------------------------------------
?FILL2
  Relative segment, address: CODE 0003E1F8 - 0003E7FF (0x608 bytes), align: 0
  Segment part 1.
    -------------------------------------------------------------------------
?FILL1
  Relative segment, address: CODE 000007D9 - 000007FF (0x27 bytes), align: 0
  Segment part 0.




                ****************************************
                *                                      *
                *            MODULE SUMMARY            *
                *                                      *
                ****************************************

Module                         CODE      DATA      XDATA  IDATA    BIT  CONST
------                         ----      ----      -----  -----    ---  -----
                              (Rel)  (Rel)  (Abs)  (Rel)  (Rel)  (Rel)  (Rel)
?ADD_XSTACK_DISP8                27
?ALLOC_XSTACK8                   22
?BANKED_CODE_SUPPORT             30
?BANKED_ENTER_XDATA             108
?BANKED_LEAVE_XDATA              70
?CALL_IND                         2
?C_GPTR_LOAD                     26
?C_GPTR_STORE                    22
?DEALLOC_XSTACK8                 27
?FILLER_BYTES                 1 583
  + common                      142
?FUNC_ENTER_XDATA               102
?FUNC_LEAVE_XDATA                64
?L_MOV_TO_X                      15
?L_MOV_X                         15
?L_SHL                           31
?L_SUB_FROM_X                    20
?MOVE_LONG8_XDATA_IDATA          13
?MOVE_LONG8_XDATA_XDATA          33
?PUSH_XSTACK8_X                  45
?PUSH_XSTACK_I                   21
?S_SHL                           19
?UL_DIV_MOD                     111
?UL_GT_X                         16
?US_SHR                          15
?XLOAD_R2345                     12
?XSTACK_DISP8                    10
?XSTACK_DISP8_RP                  8
?XSTORE_R2345                    12
?cexit                            5
?cmain                           99
?memcmp                          88
?memcpy                          76
?memset                          50
CSTARTUP                         18
  + common                        3
VIRTUAL_REGISTERS                       13                           8
hal_flash                     5 184      7     14  2 246                  146
  + shared                                      6
ubl_ivec
  + common                      142
usb_descriptor                   54
usb_firmware_library_config   4 093             7  2 521                  146
N/A (command line)                      24           768    176
N/A (alignment)
----------                   ------     --     --  -----    ---      -    ---
Total:                       12 146     44     27  5 535    176      8    292
  + common                      142


                ****************************************
                *                                      *
                *      SEGMENTS IN ADDRESS ORDER       *
                *                                      *
                ****************************************


SEGMENT              SPACE    START ADDRESS   END ADDRESS     SIZE  TYPE  ALIGN
=======              =====    =============   ===========     ====  ====  =====
INTVEC               CODE          00000000 - 0000008D          8E   com    1
DATA_ID              CODE               0000008E                     dse    0
BDATA_ID             CODE               0000008E                     dse    0
PDATA_ID             CODE               0000008E                     dse    0
IXDATA_ID            CODE               0000008E                     dse    0
IDATA_ID             CODE               0000008E                     dse    0
BIT_ID               CODE               0000008E                     dse    0
XDATA_ID             CODE          0000008E - 00000101          74   rel    0
<BANKED_CODE,BANK_RELAYS..> 1
                     CODE          00000102 - 000007D8         6D7   rel    0
?FILL1               CODE          000007D9 - 000007FF          27   rel    0
<BANKED_CODE,XDATA_ROM_C_FLASH> 1
                     CODE          0003C000 - 0003E1F7        21F8   rel    0
?FILL2               CODE          0003E1F8 - 0003E7FF         608   rel    0
REGISTERS            DATA          00000000 - 00000007           8   rel    0
BREG                 BIT        00000020.0  -  00000020.7        8   rel    0
VREG                 DATA          00000021 - 0000003B          1B   rel    0
PSP                  DATA               0000003C                     dse    0
XSP                  DATA          0000003C - 0000003D           2   rel    0
DATA_I               DATA               0000003E                     dse    0
DATA_Z               DATA          0000003E - 00000044           7   rel    0
SFR_AN               DATA          0000008B - 0000008B           1   rel    0
                     DATA          00000090 - 00000090           1 
                     DATA          00000095 - 00000097           3 
                     DATA          0000009A - 0000009A           1 
                     DATA          0000009D - 0000009D           1 
                     DATA          000000A8 - 000000A8           1 
                     DATA          000000AC - 000000AC           1 
                     DATA          000000B4 - 000000B4           1 
                     DATA          000000B6 - 000000B6           1 
                     DATA          000000B8 - 000000B8           1 
                     DATA          000000BB - 000000BB           1 
                     DATA          000000C6 - 000000C7           2 
                     DATA          000000C9 - 000000C9           1 
                     DATA          000000D1 - 000000D7           7 
                     DATA          000000E8 - 000000E8           1 
                     DATA          000000F4 - 000000F4           1 
                     DATA          000000F7 - 000000F7           1 
                     DATA          000000FE - 000000FE           1 
XSTACK               XDATA         00000000 - 000002FF         300   rel    0
XDATA_Z              XDATA         00000300 - 00000328          29   rel    0
XDATA_I              XDATA         00000329 - 0000039C          74   rel    0
<XDATA_N> 1          XDATA         0000039D - 0000159E        1202   rel    0
<XDATA_ROM_C> 1      CONST         0000C000 - 0000C123         124   rel    0
ISTACK               IDATA         00000050 - 000000FF          B0   rel    0

                ****************************************
                *                                      *
                *        END OF CROSS REFERENCE        *
                *                                      *
                ****************************************

 10 705 bytes of CODE  memory (+             1 583 range fill )
     44 bytes of DATA  memory (+ 27 absolute )
  5 535 bytes of XDATA memory
    176 bytes of IDATA memory
      8 bits  of BIT   memory
    292 bytes of CONST memory

Errors: none
Warnings: none

